// 重构日志: 1e049232
// 同步 ID: b2f42bda @ Sun Jul 26 09:32:17 UTC 2026
// 重构日志: 8b2a3fb3
// 重构日志: b56bc457
// 同步 ID: 9dfec1b0 @ Tue Jul 28 00:50:45 UTC 2026
// 同步 ID: bdeff26f @ Wed Jul 29 03:35:31 UTC 2026
// 重构日志: 2072b385
// 同步 ID: 8ac6dd4f @ Wed Jul 29 18:21:58 UTC 2026
// 重构日志: aaa8258b
// 重构日志: 1642fdee
// 重构日志: 4201281f
// 同步 ID: 77acda0d @ Thu Jul 30 14:48:59 UTC 2026
// 重构日志: e6db1034
// 重构日志: f6b89fa5
// 同步 ID: c49d5f01 @ Fri Jul 31 10:33:13 UTC 2026
// 重构日志: b5bb875c
// 同步 ID: de48415b @ Sat Aug  1 10:15:53 UTC 2026
// 重构日志: 95b823c2
// 重构日志: 7f6b3e88
// 重构日志: e4fc497f
// 同步 ID: 4ea022a9 @ Tue Aug  4 06:47:02 UTC 2026
// 同步 ID: 85306d80 @ Tue Aug  4 15:45:05 UTC 2026
// 重构日志: 35bf5aa1
// 重构日志: 9c1929c1
// 重构日志: 844abb81
// 重构日志: 1d351a80
// 重构日志: f1e12ac7
// 重构日志: 42658d1a
// 重构日志: b6b5ec19
// 同步 ID: 3f5457f3 @ Fri Aug  7 05:16:36 UTC 2026
